Archive member included because of file (symbol)

c:/program files (x86)/emblocks/2.00/share/em_armgcc/bin/../lib/gcc/arm-none-eabi/4.7.3/../../../../arm-none-eabi/lib/armv7e-m/fpu\libc_n.a(lib_a-__atexit2.o)
                              c:/program files (x86)/emblocks/2.00/share/em_armgcc/bin/../lib/gcc/arm-none-eabi/4.7.3/../../../../arm-none-eabi/lib/armv7e-m/fpu/crt0.o (__register_exitproc)
c:/program files (x86)/emblocks/2.00/share/em_armgcc/bin/../lib/gcc/arm-none-eabi/4.7.3/../../../../arm-none-eabi/lib/armv7e-m/fpu\libc_n.a(lib_a-exit.o)
                              c:/program files (x86)/emblocks/2.00/share/em_armgcc/bin/../lib/gcc/arm-none-eabi/4.7.3/../../../../arm-none-eabi/lib/armv7e-m/fpu/crt0.o (exit)
c:/program files (x86)/emblocks/2.00/share/em_armgcc/bin/../lib/gcc/arm-none-eabi/4.7.3/../../../../arm-none-eabi/lib/armv7e-m/fpu\libc_n.a(lib_a-fini.o)
                              c:/program files (x86)/emblocks/2.00/share/em_armgcc/bin/../lib/gcc/arm-none-eabi/4.7.3/../../../../arm-none-eabi/lib/armv7e-m/fpu/crt0.o (__libc_fini_array)
c:/program files (x86)/emblocks/2.00/share/em_armgcc/bin/../lib/gcc/arm-none-eabi/4.7.3/../../../../arm-none-eabi/lib/armv7e-m/fpu\libc_n.a(lib_a-impure.o)
                              c:/program files (x86)/emblocks/2.00/share/em_armgcc/bin/../lib/gcc/arm-none-eabi/4.7.3/../../../../arm-none-eabi/lib/armv7e-m/fpu\libc_n.a(lib_a-exit.o) (_global_impure_ptr)
c:/program files (x86)/emblocks/2.00/share/em_armgcc/bin/../lib/gcc/arm-none-eabi/4.7.3/../../../../arm-none-eabi/lib/armv7e-m/fpu\libc_n.a(lib_a-init.o)
                              c:/program files (x86)/emblocks/2.00/share/em_armgcc/bin/../lib/gcc/arm-none-eabi/4.7.3/../../../../arm-none-eabi/lib/armv7e-m/fpu/crt0.o (__libc_init_array)
c:/program files (x86)/emblocks/2.00/share/em_armgcc/bin/../lib/gcc/arm-none-eabi/4.7.3/../../../../arm-none-eabi/lib/armv7e-m/fpu\libc_n.a(lib_a-memset.o)
                              c:/program files (x86)/emblocks/2.00/share/em_armgcc/bin/../lib/gcc/arm-none-eabi/4.7.3/../../../../arm-none-eabi/lib/armv7e-m/fpu/crt0.o (memset)
c:/program files (x86)/emblocks/2.00/share/em_armgcc/bin/../lib/gcc/arm-none-eabi/4.7.3/../../../../arm-none-eabi/lib/armv7e-m/fpu\libc_n.a(lib_a-strstr.o)
                              obj\debug\main.o (strstr)
c:/program files (x86)/emblocks/2.00/share/em_armgcc/bin/../lib/gcc/arm-none-eabi/4.7.3/../../../../arm-none-eabi/lib/armv7e-m/fpu\libnosys.a(_exit.o)
                              c:/program files (x86)/emblocks/2.00/share/em_armgcc/bin/../lib/gcc/arm-none-eabi/4.7.3/../../../../arm-none-eabi/lib/armv7e-m/fpu\libc_n.a(lib_a-exit.o) (_exit)

Allocating common symbols
Common symbol       size              file

g_arrui8ESP8266Buf  0x1f4             obj\debug\main.o

Discarded input sections

 .text          0x00000000        0x0 c:/program files (x86)/emblocks/2.00/share/em_armgcc/bin/../lib/gcc/arm-none-eabi/4.7.3/armv7e-m/fpu/crti.o
 .data          0x00000000        0x0 c:/program files (x86)/emblocks/2.00/share/em_armgcc/bin/../lib/gcc/arm-none-eabi/4.7.3/armv7e-m/fpu/crti.o
 .bss           0x00000000        0x0 c:/program files (x86)/emblocks/2.00/share/em_armgcc/bin/../lib/gcc/arm-none-eabi/4.7.3/armv7e-m/fpu/crti.o
 .data          0x00000000        0x4 c:/program files (x86)/emblocks/2.00/share/em_armgcc/bin/../lib/gcc/arm-none-eabi/4.7.3/armv7e-m/fpu/crtbegin.o
 .data          0x00000000        0x0 c:/program files (x86)/emblocks/2.00/share/em_armgcc/bin/../lib/gcc/arm-none-eabi/4.7.3/../../../../arm-none-eabi/lib/armv7e-m/fpu/crt0.o
 .bss           0x00000000        0x0 c:/program files (x86)/emblocks/2.00/share/em_armgcc/bin/../lib/gcc/arm-none-eabi/4.7.3/../../../../arm-none-eabi/lib/armv7e-m/fpu/crt0.o
 .ARM.extab     0x00000000        0x0 c:/program files (x86)/emblocks/2.00/share/em_armgcc/bin/../lib/gcc/arm-none-eabi/4.7.3/../../../../arm-none-eabi/lib/armv7e-m/fpu/crt0.o
 .group         0x00000000        0x8 obj\debug\misc.o
 .group         0x00000000        0x8 obj\debug\misc.o
 .group         0x00000000        0x8 obj\debug\misc.o
 .group         0x00000000        0x8 obj\debug\misc.o
 .group         0x00000000        0x8 obj\debug\misc.o
 .group         0x00000000        0x8 obj\debug\misc.o
 .group         0x00000000        0x8 obj\debug\misc.o
 .group         0x00000000        0x8 obj\debug\misc.o
 .group         0x00000000        0x8 obj\debug\misc.o
 .group         0x00000000        0x8 obj\debug\misc.o
 .group         0x00000000        0x8 obj\debug\misc.o
 .group         0x00000000        0x8 obj\debug\misc.o
 .group         0x00000000        0x8 obj\debug\misc.o
 .group         0x00000000        0x8 obj\debug\misc.o
 .group         0x00000000        0x8 obj\debug\misc.o
 .group         0x00000000        0x8 obj\debug\misc.o
 .group         0x00000000        0x8 obj\debug\misc.o
 .group         0x00000000        0x8 obj\debug\misc.o
 .group         0x00000000        0x8 obj\debug\misc.o
[...]
Memory Configuration

Name             Origin             Length             Attributes
ROM              0x08000000         0x00100000         xr
RAM              0x20000000         0x00020000         xrw
CCRAM            0x10000000         0x00010000         xrw
*default*        0x00000000         0xffffffff

Linker script and memory map

LOAD c:/program files (x86)/emblocks/2.00/share/em_armgcc/bin/../lib/gcc/arm-none-eabi/4.7.3/armv7e-m/fpu/crti.o
LOAD c:/program files (x86)/emblocks/2.00/share/em_armgcc/bin/../lib/gcc/arm-none-eabi/4.7.3/armv7e-m/fpu/crtbegin.o
LOAD c:/program files (x86)/emblocks/2.00/share/em_armgcc/bin/../lib/gcc/arm-none-eabi/4.7.3/../../../../arm-none-eabi/lib/armv7e-m/fpu/crt0.o
                0x00000000                __HEAP_SIZE = 0x0
                0x00000100                __STACK_SIZE = 0x100

.text           0x08000000     0x19ac
 *(.isr_vector)
 .isr_vector    0x08000000      0x188 obj\debug\startup_stm32f4xx.o
                0x08000000                __isr_vector
 *(.text*)
 .text          0x08000188       0x54 c:/program files (x86)/emblocks/2.00/share/em_armgcc/bin/../lib/gcc/arm-none-eabi/4.7.3/armv7e-m/fpu/crtbegin.o
 .text          0x080001dc       0x70 c:/program files (x86)/emblocks/2.00/share/em_armgcc/bin/../lib/gcc/arm-none-eabi/4.7.3/../../../../arm-none-eabi/lib/armv7e-m/fpu/crt0.o
                0x080001dc                _start
                0x080001dc                start
                0x080001dc                _mainCRTStartup
 .text.NVIC_Init
                0x0800024c       0xe4 obj\debug\misc.o
                0x0800024c                NVIC_Init
 .text.GPIO_Init
                0x08000330      0x144 obj\debug\stm32f4xx_gpio.o
                0x08000330                GPIO_Init
 .text.GPIO_SetBits
                0x08000474       0x1c obj\debug\stm32f4xx_gpio.o
                0x08000474                GPIO_SetBits
 .text.GPIO_ResetBits
                0x08000490       0x1c obj\debug\stm32f4xx_gpio.o
                0x08000490                GPIO_ResetBits
 .text.GPIO_PinAFConfig
                0x080004ac       0xa8 obj\debug\stm32f4xx_gpio.o
                0x080004ac                GPIO_PinAFConfig
 .text.RCC_GetClocksFreq
                0x08000554      0x1cc obj\debug\stm32f4xx_rcc.o
                0x08000554                RCC_GetClocksFreq
 .text.RCC_AHB1PeriphClockCmd
                0x08000720       0x54 obj\debug\stm32f4xx_rcc.o
                0x08000720                RCC_AHB1PeriphClockCmd
 .text.RCC_APB1PeriphClockCmd
                0x08000774       0x54 obj\debug\stm32f4xx_rcc.o
                0x08000774                RCC_APB1PeriphClockCmd
 .text.RCC_APB2PeriphClockCmd
                0x080007c8       0x54 obj\debug\stm32f4xx_rcc.o
                0x080007c8                RCC_APB2PeriphClockCmd
 .text.USART_Init
                0x0800081c      0x1ac obj\debug\stm32f4xx_usart.o
                0x0800081c                USART_Init
 .text.USART_Cmd
                0x080009c8       0x40 obj\debug\stm32f4xx_usart.o
                0x080009c8                USART_Cmd
 .text.USART_SendData
                0x08000a08       0x28 obj\debug\stm32f4xx_usart.o
                0x08000a08                USART_SendData
 .text.USART_ITConfig
                0x08000a30       0xa4 obj\debug\stm32f4xx_usart.o
                0x08000a30                USART_ITConfig
 .text.USART_GetITStatus
                0x08000ad4       0xc4 obj\debug\stm32f4xx_usart.o
                0x08000ad4                USART_GetITStatus
 .text.Clear_ESPBuffer
                0x08000b98       0x48 obj\debug\main.o
 .text.Delay    0x08000be0       0x2c obj\debug\main.o
                0x08000be0                Delay
 .text.USART_puts
                0x08000c0c       0x48 obj\debug\main.o
                0x08000c0c                USART_puts
 .text.Usart_InitializeHW
                0x08000c54      0x104 obj\debug\main.o
                0x08000c54                Usart_InitializeHW
 .text.Usart_InitializeAp
                0x08000d58       0xe8 obj\debug\main.o
                0x08000d58                Usart_InitializeAp
 .text.ESP8266_Init
                0x08000e40      0x428 obj\debug\main.o
 .text.main     0x08001268       0x30 obj\debug\main.o
                0x08001268                main
 .text.USART1_IRQHandler
                0x08001298       0x78 obj\debug\main.o
                0x08001298                USART1_IRQHandler
 .text          0x08001310      0x110 obj\debug\startup_stm32f4xx.o
                0x08001310                Reset_Handler
                0x0800135e                NMI_Handler
                0x08001360                HardFault_Handler
                0x08001362                MemManage_Handler
                0x08001364                BusFault_Handler
                0x08001366                UsageFault_Handler
                0x08001368                SVC_Handler
                0x0800136a                DebugMon_Handler
                0x0800136c                PendSV_Handler
                0x0800136e                SysTick_Handler
                0x08001370                Default_Handler
                0x08001372                WWDG_IRQHandler
                0x08001374                PVD_IRQHandler
                0x08001376                TAMP_STAMP_IRQHandler
                0x08001378                RTC_WKUP_IRQHandler
                0x0800137a                FLASH_IRQHandler
                0x0800137c                RCC_IRQHandler
                0x0800137e                EXTI0_IRQHandler
                0x08001380                EXTI1_IRQHandler
                0x08001382                EXTI2_IRQHandler
                0x08001384                EXTI3_IRQHandler
                0x08001386                EXTI4_IRQHandler
                0x08001388                DMA1_Stream0_IRQHandler
                0x0800138a                DMA1_Stream1_IRQHandler
                0x0800138c                DMA1_Stream2_IRQHandler
                0x0800138e                DMA1_Stream3_IRQHandler
                0x08001390                DMA1_Stream4_IRQHandler
                0x08001392                DMA1_Stream5_IRQHandler
                0x08001394                DMA1_Stream6_IRQHandler
                0x08001396                ADC_IRQHandler
                0x08001398                CAN1_TX_IRQHandler
                0x0800139a                CAN1_RX0_IRQHandler
                0x0800139c                CAN1_RX1_IRQHandler
                0x0800139e                CAN1_SCE_IRQHandler
                0x080013a0                EXTI9_5_IRQHandler
                0x080013a2                TIM1_BRK_TIM9_IRQHandler
                0x080013a4                TIM1_UP_TIM10_IRQHandler
                0x080013a6                TIM1_TRG_COM_TIM11_IRQHandler
                0x080013a8                TIM1_CC_IRQHandler
                0x080013aa                TIM2_IRQHandler
                0x080013ac                TIM3_IRQHandler
                0x080013ae                TIM4_IRQHandler
                0x080013b0                I2C1_EV_IRQHandler
                0x080013b2                I2C1_ER_IRQHandler
                0x080013b4                I2C2_EV_IRQHandler
                0x080013b6                I2C2_ER_IRQHandler
                0x080013b8                SPI1_IRQHandler
                0x080013ba                SPI2_IRQHandler
                0x080013be                USART2_IRQHandler
                0x080013c0                USART3_IRQHandler
                0x080013c2                EXTI15_10_IRQHandler
                0x080013c4                RTC_Alarm_IRQHandler
                0x080013c6                OTG_FS_WKUP_IRQHandler
                0x080013c8                TIM8_BRK_TIM12_IRQHandler
                0x080013ca                TIM8_UP_TIM13_IRQHandler
                0x080013cc                TIM8_TRG_COM_TIM14_IRQHandler
                0x080013ce                TIM8_CC_IRQHandler
                0x080013d0                DMA1_Stream7_IRQHandler
                0x080013d2                FSMC_IRQHandler
                0x080013d4                SDIO_IRQHandler
                0x080013d6                TIM5_IRQHandler
                0x080013d8                SPI3_IRQHandler
                0x080013da                UART4_IRQHandler
                0x080013dc                UART5_IRQHandler
                0x080013de                TIM6_DAC_IRQHandler
                0x080013e0                TIM7_IRQHandler
                0x080013e2                DMA2_Stream0_IRQHandler
                0x080013e4                DMA2_Stream1_IRQHandler
                0x080013e6                DMA2_Stream2_IRQHandler
                0x080013e8                DMA2_Stream3_IRQHandler
                0x080013ea                DMA2_Stream4_IRQHandler
                0x080013ec                ETH_IRQHandler
                0x080013ee                ETH_WKUP_IRQHandler
                0x080013f0                CAN2_TX_IRQHandler
                0x080013f2                CAN2_RX0_IRQHandler
                0x080013f4                CAN2_RX1_IRQHandler
                0x080013f6                CAN2_SCE_IRQHandler
                0x080013f8                OTG_FS_IRQHandler
                0x080013fa                DMA2_Stream5_IRQHandler
                0x080013fc                DMA2_Stream6_IRQHandler
                0x080013fe                DMA2_Stream7_IRQHandler
                0x08001400                USART6_IRQHandler
                0x08001402                I2C3_EV_IRQHandler
                0x08001404                I2C3_ER_IRQHandler
                0x08001406                OTG_HS_EP1_OUT_IRQHandler
                0x08001408                OTG_HS_EP1_IN_IRQHandler
                0x0800140a                OTG_HS_WKUP_IRQHandler
                0x0800140c                OTG_HS_IRQHandler
                0x0800140e                DCMI_IRQHandler
                0x08001410                CRYP_IRQHandler
                0x08001412                HASH_RNG_IRQHandler
                0x08001414                FPU_IRQHandler
 .text.SystemInit
                0x08001420       0xb0 obj\debug\system_stm32f4xx.o
                0x08001420                SystemInit
 .text.SetSysClock
                0x080014d0      0x188 obj\debug\system_stm32f4xx.o
 .text.__register_exitproc
                0x08001658       0x14 c:/program files (x86)/emblocks/2.00/share/em_armgcc/bin/../lib/gcc/arm-none-eabi/4.7.3/../../../../arm-none-eabi/lib/armv7e-m/fpu\libc_n.a(lib_a-__atexit2.o)
                0x08001658                __register_exitproc
 .text.exit     0x0800166c       0x2c c:/program files (x86)/emblocks/2.00/share/em_armgcc/bin/../lib/gcc/arm-none-eabi/4.7.3/../../../../arm-none-eabi/lib/armv7e-m/fpu\libc_n.a(lib_a-exit.o)
                0x0800166c                exit
 .text.__libc_fini_array
                0x08001698       0x30 c:/program files (x86)/emblocks/2.00/share/em_armgcc/bin/../lib/gcc/arm-none-eabi/4.7.3/../../../../arm-none-eabi/lib/armv7e-m/fpu\libc_n.a(lib_a-fini.o)
                0x08001698                __libc_fini_array
 .text.__libc_init_array
                0x080016c8       0x4c c:/program files (x86)/emblocks/2.00/share/em_armgcc/bin/../lib/gcc/arm-none-eabi/4.7.3/../../../../arm-none-eabi/lib/armv7e-m/fpu\libc_n.a(lib_a-init.o)
                0x080016c8                __libc_init_array
 .text.memset   0x08001714       0x10 c:/program files (x86)/emblocks/2.00/share/em_armgcc/bin/../lib/gcc/arm-none-eabi/4.7.3/../../../../arm-none-eabi/lib/armv7e-m/fpu\libc_n.a(lib_a-memset.o)
                0x08001714                memset
 .text.strstr   0x08001724       0x30 c:/program files (x86)/emblocks/2.00/share/em_armgcc/bin/../lib/gcc/arm-none-eabi/4.7.3/../../../../arm-none-eabi/lib/armv7e-m/fpu\libc_n.a(lib_a-strstr.o)
                0x08001724                strstr
 .text._exit    0x08001754        0x4 c:/program files (x86)/emblocks/2.00/share/em_armgcc/bin/../lib/gcc/arm-none-eabi/4.7.3/../../../../arm-none-eabi/lib/armv7e-m/fpu\libnosys.a(_exit.o)
                0x08001754                _exit
 *(.init)
 .init          0x08001758        0x4 c:/program files (x86)/emblocks/2.00/share/em_armgcc/bin/../lib/gcc/arm-none-eabi/4.7.3/armv7e-m/fpu/crti.o
                0x08001758                _init
 .init          0x0800175c        0x8 c:/program files (x86)/emblocks/2.00/share/em_armgcc/bin/../lib/gcc/arm-none-eabi/4.7.3/armv7e-m/fpu/crtn.o
 *(.fini)
 .fini          0x08001764        0x4 c:/program files (x86)/emblocks/2.00/share/em_armgcc/bin/../lib/gcc/arm-none-eabi/4.7.3/armv7e-m/fpu/crti.o
                0x08001764                _fini
 .fini          0x08001768        0x8 c:/program files (x86)/emblocks/2.00/share/em_armgcc/bin/../lib/gcc/arm-none-eabi/4.7.3/armv7e-m/fpu/crtn.o
 *crtbegin.o(.ctors)
 *crtbegin?.o(.ctors)
 *(EXCLUDE_FILE(*crtend.o *crtend?.o) .ctors)
 *(SORT(.ctors.*))
 *(.ctors)
 *crtbegin.o(.dtors)
 *crtbegin?.o(.dtors)
 *(EXCLUDE_FILE(*crtend.o *crtend?.o) .dtors)
 *(SORT(.dtors.*))
 *(.dtors)
 *(.rodata*)
 .rodata        0x08001770      0x230 obj\debug\main.o
 .rodata.str1.1
                0x080019a0        0x2 c:/program files (x86)/emblocks/2.00/share/em_armgcc/bin/../lib/gcc/arm-none-eabi/4.7.3/../../../../arm-none-eabi/lib/armv7e-m/fpu\libc_n.a(lib_a-impure.o)
 *fill*         0x080019a2        0x2 
 .rodata._global_impure_ptr
                0x080019a4        0x4 c:/program files (x86)/emblocks/2.00/share/em_armgcc/bin/../lib/gcc/arm-none-eabi/4.7.3/../../../../arm-none-eabi/lib/armv7e-m/fpu\libc_n.a(lib_a-impure.o)
                0x080019a4                _global_impure_ptr
 *(.eh_frame*)
 .eh_frame      0x080019a8        0x0 c:/program files (x86)/emblocks/2.00/share/em_armgcc/bin/../lib/gcc/arm-none-eabi/4.7.3/armv7e-m/fpu/crtbegin.o
 .eh_frame      0x080019a8        0x4 c:/program files (x86)/emblocks/2.00/share/em_armgcc/bin/../lib/gcc/arm-none-eabi/4.7.3/armv7e-m/fpu/crtend.o

.glue_7         0x080019ac        0x0
 .glue_7        0x00000000        0x0 linker stubs

.glue_7t        0x080019ac        0x0
 .glue_7t       0x00000000        0x0 linker stubs

.vfp11_veneer   0x080019ac        0x0
 .vfp11_veneer  0x00000000        0x0 linker stubs

.v4_bx          0x080019ac        0x0
 .v4_bx         0x00000000        0x0 linker stubs

.iplt           0x080019ac        0x0
 .iplt          0x00000000        0x0 c:/program files (x86)/emblocks/2.00/share/em_armgcc/bin/../lib/gcc/arm-none-eabi/4.7.3/armv7e-m/fpu/crtbegin.o

.ARM.extab
 *(.ARM.extab* .gnu.linkonce.armextab.*)
                0x080019ac                __exidx_start = .

.ARM.exidx      0x080019ac        0x8
 *(.ARM.exidx* .gnu.linkonce.armexidx.*)
 .ARM.exidx     0x080019ac        0x8 c:/program files (x86)/emblocks/2.00/share/em_armgcc/bin/../lib/gcc/arm-none-eabi/4.7.3/../../../../arm-none-eabi/lib/armv7e-m/fpu/crt0.o
                0x080019b4                __exidx_end = .
                0x080019b4                __etext = .

.rel.dyn        0x080019b4        0x0
 .rel.iplt      0x00000000        0x0 c:/program files (x86)/emblocks/2.00/share/em_armgcc/bin/../lib/gcc/arm-none-eabi/4.7.3/armv7e-m/fpu/crtbegin.o

.data           0x20000000       0x7c load address 0x080019b4
                0x20000000                __data_start__ = .
 *(vtable)
 *(.data*)
 .data.APBAHBPrescTable
                0x20000000       0x10 obj\debug\stm32f4xx_rcc.o
 .data.impure_data
                0x20000010       0x64 c:/program files (x86)/emblocks/2.00/share/em_armgcc/bin/../lib/gcc/arm-none-eabi/4.7.3/../../../../arm-none-eabi/lib/armv7e-m/fpu\libc_n.a(lib_a-impure.o)
                0x20000074                . = ALIGN (0x4)
                0x20000074                PROVIDE (__preinit_array_start, .)
 *(.preinit_array)
                0x20000074                PROVIDE (__preinit_array_end, .)
                0x20000074                . = ALIGN (0x4)
                0x20000074                PROVIDE (__init_array_start, .)
 *(SORT(.init_array.*))
 *(.init_array)
 .init_array    0x20000074        0x4 c:/program files (x86)/emblocks/2.00/share/em_armgcc/bin/../lib/gcc/arm-none-eabi/4.7.3/armv7e-m/fpu/crtbegin.o
                0x20000078                PROVIDE (__init_array_end, .)
                0x20000078                . = ALIGN (0x4)
                0x20000078                PROVIDE (__fini_array_start, .)
 *(SORT(.fini_array.*))
 *(.fini_array)
 .fini_array    0x20000078        0x4 c:/program files (x86)/emblocks/2.00/share/em_armgcc/bin/../lib/gcc/arm-none-eabi/4.7.3/armv7e-m/fpu/crtbegin.o
                0x2000007c                PROVIDE (__fini_array_end, .)
                0x2000007c                . = ALIGN (0x4)
                0x2000007c                __data_end__ = .

.jcr            0x2000007c        0x0 load address 0x08001a30
 .jcr           0x2000007c        0x0 c:/program files (x86)/emblocks/2.00/share/em_armgcc/bin/../lib/gcc/arm-none-eabi/4.7.3/armv7e-m/fpu/crtbegin.o

.igot.plt       0x2000007c        0x0 load address 0x08001a30
 .igot.plt      0x00000000        0x0 c:/program files (x86)/emblocks/2.00/share/em_armgcc/bin/../lib/gcc/arm-none-eabi/4.7.3/armv7e-m/fpu/crtbegin.o

.bss            0x2000007c      0x214 load address 0x08001a30
                0x2000007c                __bss_start__ = .
 *(.bss*)
 .bss           0x2000007c       0x1c c:/program files (x86)/emblocks/2.00/share/em_armgcc/bin/../lib/gcc/arm-none-eabi/4.7.3/armv7e-m/fpu/crtbegin.o
 .bss.ESPWriteIndex
                0x20000098        0x2 obj\debug\main.o
 .bss.ESPInitCase.9185
                0x2000009a        0x1 obj\debug\main.o
 *(COMMON)
 *fill*         0x2000009b        0x1 
 COMMON         0x2000009c      0x1f4 obj\debug\main.o
                0x2000009c                g_arrui8ESP8266Buf
                0x20000290                __bss_end__ = .

.heap           0x20000290        0x0
                0x20000290                __end__ = .
                0x20000290                end = __end__
 *(.heap*)
 .heap          0x20000290        0x0 obj\debug\startup_stm32f4xx.o
                0x20000290                __HeapLimit = .

.stack_dummy    0x20000290      0x100
 *(.stack)
 .stack         0x20000290      0x100 obj\debug\startup_stm32f4xx.o
                0x20020000                __StackTop = (ORIGIN (RAM) + 0x20000)
                0x2001ff00                __StackLimit = (__StackTop - SIZEOF (.stack_dummy))
                0x20020000                PROVIDE (__stack, __StackTop)
                0x00000001                ASSERT ((__StackLimit >= __HeapLimit), region RAM overflowed with stack)
LOAD obj\debug\misc.o
LOAD obj\debug\stm32f4xx_adc.o
LOAD obj\debug\stm32f4xx_can.o
LOAD obj\debug\stm32f4xx_crc.o
LOAD obj\debug\stm32f4xx_cryp.o
LOAD obj\debug\stm32f4xx_cryp_aes.o
LOAD obj\debug\stm32f4xx_cryp_des.o
LOAD obj\debug\stm32f4xx_cryp_tdes.o
LOAD obj\debug\stm32f4xx_dac.o
LOAD obj\debug\stm32f4xx_dbgmcu.o
LOAD obj\debug\stm32f4xx_dcmi.o
LOAD obj\debug\stm32f4xx_dma.o
LOAD obj\debug\stm32f4xx_exti.o
LOAD obj\debug\stm32f4xx_flash.o
LOAD obj\debug\stm32f4xx_fsmc.o
LOAD obj\debug\stm32f4xx_gpio.o
LOAD obj\debug\stm32f4xx_hash.o
LOAD obj\debug\stm32f4xx_hash_md5.o
LOAD obj\debug\stm32f4xx_hash_sha1.o
LOAD obj\debug\stm32f4xx_i2c.o
LOAD obj\debug\stm32f4xx_iwdg.o
LOAD obj\debug\stm32f4xx_pwr.o
LOAD obj\debug\stm32f4xx_rcc.o
LOAD obj\debug\stm32f4xx_rng.o
LOAD obj\debug\stm32f4xx_rtc.o
LOAD obj\debug\stm32f4xx_sdio.o
LOAD obj\debug\stm32f4xx_spi.o
LOAD obj\debug\stm32f4xx_syscfg.o
LOAD obj\debug\stm32f4xx_tim.o
LOAD obj\debug\stm32f4xx_usart.o
LOAD obj\debug\stm32f4xx_wwdg.o
LOAD obj\debug\main.o
LOAD obj\debug\startup_stm32f4xx.o
LOAD obj\debug\system_stm32f4xx.o
START GROUP
LOAD c:/program files (x86)/emblocks/2.00/share/em_armgcc/bin/../lib/gcc/arm-none-eabi/4.7.3/armv7e-m/fpu\libgcc.a
LOAD c:/program files (x86)/emblocks/2.00/share/em_armgcc/bin/../lib/gcc/arm-none-eabi/4.7.3/../../../../arm-none-eabi/lib/armv7e-m/fpu\libc_n.a
LOAD c:/program files (x86)/emblocks/2.00/share/em_armgcc/bin/../lib/gcc/arm-none-eabi/4.7.3/../../../../arm-none-eabi/lib/armv7e-m/fpu\libg_n.a
LOAD c:/program files (x86)/emblocks/2.00/share/em_armgcc/bin/../lib/gcc/arm-none-eabi/4.7.3/../../../../arm-none-eabi/lib/armv7e-m/fpu\libnosys.a
END GROUP
LOAD c:/program files (x86)/emblocks/2.00/share/em_armgcc/bin/../lib/gcc/arm-none-eabi/4.7.3/armv7e-m/fpu/crtend.o
LOAD c:/program files (x86)/emblocks/2.00/share/em_armgcc/bin/../lib/gcc/arm-none-eabi/4.7.3/armv7e-m/fpu/crtn.o
OUTPUT(bin\Debug\ESP8266_Example.elf elf32-littlearm)

.ARM.attributes
                0x00000000       0x30
 .ARM.attributes
                0x00000000       0x22 c:/program files (x86)/emblocks/2.00/share/em_armgcc/bin/../lib/gcc/arm-none-eabi/4.7.3/armv7e-m/fpu/crti.o
 .ARM.attributes
                0x00000022       0x34 c:/program files (x86)/emblocks/2.00/share/em_armgcc/bin/../lib/gcc/arm-none-eabi/4.7.3/armv7e-m/fpu/crtbegin.o
 .ARM.attributes
                0x00000056       0x20 c:/program files (x86)/emblocks/2.00/share/em_armgcc/bin/../lib/gcc/arm-none-eabi/4.7.3/../../../../arm-none-eabi/lib/armv7e-m/fpu/crt0.o
 .ARM.attributes
                0x00000076       0x39 obj\debug\misc.o
 .ARM.attributes
                0x000000af       0x39 obj\debug\stm32f4xx_gpio.o
 .ARM.attributes
                0x000000e8       0x39 obj\debug\stm32f4xx_rcc.o
 .ARM.attributes
                0x00000121       0x39 obj\debug\stm32f4xx_usart.o
 .ARM.attributes
                0x0000015a       0x39 obj\debug\main.o
 .ARM.attributes
                0x00000193       0x1f obj\debug\startup_stm32f4xx.o
 .ARM.attributes
                0x000001b2       0x39 obj\debug\system_stm32f4xx.o
 .ARM.attributes
                0x000001eb       0x34 c:/program files (x86)/emblocks/2.00/share/em_armgcc/bin/../lib/gcc/arm-none-eabi/4.7.3/../../../../arm-none-eabi/lib/armv7e-m/fpu\libc_n.a(lib_a-__atexit2.o)
 .ARM.attributes
                0x0000021f       0x34 c:/program files (x86)/emblocks/2.00/share/em_armgcc/bin/../lib/gcc/arm-none-eabi/4.7.3/../../../../arm-none-eabi/lib/armv7e-m/fpu\libc_n.a(lib_a-exit.o)
 .ARM.attributes
                0x00000253       0x34 c:/program files (x86)/emblocks/2.00/share/em_armgcc/bin/../lib/gcc/arm-none-eabi/4.7.3/../../../../arm-none-eabi/lib/armv7e-m/fpu\libc_n.a(lib_a-fini.o)
 .ARM.attributes
                0x00000287       0x34 c:/program files (x86)/emblocks/2.00/share/em_armgcc/bin/../lib/gcc/arm-none-eabi/4.7.3/../../../../arm-none-eabi/lib/armv7e-m/fpu\libc_n.a(lib_a-impure.o)
 .ARM.attributes
                0x000002bb       0x34 c:/program files (x86)/emblocks/2.00/share/em_armgcc/bin/../lib/gcc/arm-none-eabi/4.7.3/../../../../arm-none-eabi/lib/armv7e-m/fpu\libc_n.a(lib_a-init.o)
 .ARM.attributes
                0x000002ef       0x34 c:/program files (x86)/emblocks/2.00/share/em_armgcc/bin/../lib/gcc/arm-none-eabi/4.7.3/../../../../arm-none-eabi/lib/armv7e-m/fpu\libc_n.a(lib_a-memset.o)
 .ARM.attributes
                0x00000323       0x34 c:/program files (x86)/emblocks/2.00/share/em_armgcc/bin/../lib/gcc/arm-none-eabi/4.7.3/../../../../arm-none-eabi/lib/armv7e-m/fpu\libc_n.a(lib_a-strstr.o)
 .ARM.attributes
                0x00000357       0x34 c:/program files (x86)/emblocks/2.00/share/em_armgcc/bin/../lib/gcc/arm-none-eabi/4.7.3/../../../../arm-none-eabi/lib/armv7e-m/fpu\libnosys.a(_exit.o)
 .ARM.attributes
                0x0000038b       0x34 c:/program files (x86)/emblocks/2.00/share/em_armgcc/bin/../lib/gcc/arm-none-eabi/4.7.3/armv7e-m/fpu/crtend.o
 .ARM.attributes
                0x000003bf       0x22 c:/program files (x86)/emblocks/2.00/share/em_armgcc/bin/../lib/gcc/arm-none-eabi/4.7.3/armv7e-m/fpu/crtn.o

.comment        0x00000000       0x4e
 .comment       0x00000000       0x4e obj\debug\misc.o
                                 0x4f (size before relaxing)
 .comment       0x00000000       0x4f obj\debug\stm32f4xx_gpio.o
 .comment       0x00000000       0x4f obj\debug\stm32f4xx_rcc.o
 .comment       0x00000000       0x4f obj\debug\stm32f4xx_usart.o
 .comment       0x00000000       0x4f obj\debug\main.o
 .comment       0x00000000       0x4f obj\debug\system_stm32f4xx.o

.debug_info     0x00000000     0x322a
 .debug_info    0x00000000      0x59a obj\debug\misc.o
 .debug_info    0x0000059a      0x648 obj\debug\stm32f4xx_gpio.o
 .debug_info    0x00000be2      0xd51 obj\debug\stm32f4xx_rcc.o
 .debug_info    0x00001933      0xa6d obj\debug\stm32f4xx_usart.o
 .debug_info    0x000023a0      0x81f obj\debug\main.o
 .debug_info    0x00002bbf       0x6e obj\debug\startup_stm32f4xx.o
 .debug_info    0x00002c2d      0x5fd obj\debug\system_stm32f4xx.o

.debug_abbrev   0x00000000      0x96a
 .debug_abbrev  0x00000000      0x12e obj\debug\misc.o
 .debug_abbrev  0x0000012e      0x1aa obj\debug\stm32f4xx_gpio.o
 .debug_abbrev  0x000002d8      0x1ea obj\debug\stm32f4xx_rcc.o
 .debug_abbrev  0x000004c2      0x15c obj\debug\stm32f4xx_usart.o
 .debug_abbrev  0x0000061e      0x1fb obj\debug\main.o
 .debug_abbrev  0x00000819       0x14 obj\debug\startup_stm32f4xx.o
 .debug_abbrev  0x0000082d      0x13d obj\debug\system_stm32f4xx.o

.debug_loc      0x00000000     0x1640
 .debug_loc     0x00000000      0x118 obj\debug\misc.o
 .debug_loc     0x00000118      0x310 obj\debug\stm32f4xx_gpio.o
 .debug_loc     0x00000428      0x97c obj\debug\stm32f4xx_rcc.o
 .debug_loc     0x00000da4      0x658 obj\debug\stm32f4xx_usart.o
 .debug_loc     0x000013fc      0x1a8 obj\debug\main.o
 .debug_loc     0x000015a4       0x9c obj\debug\system_stm32f4xx.o

.debug_aranges  0x00000000      0x3e8
 .debug_aranges
                0x00000000       0x40 obj\debug\misc.o
 .debug_aranges
                0x00000040       0x88 obj\debug\stm32f4xx_gpio.o
 .debug_aranges
                0x000000c8      0x178 obj\debug\stm32f4xx_rcc.o
 .debug_aranges
                0x00000240      0x100 obj\debug\stm32f4xx_usart.o
 .debug_aranges
                0x00000340       0x58 obj\debug\main.o
 .debug_aranges
                0x00000398       0x20 obj\debug\startup_stm32f4xx.o
 .debug_aranges
                0x000003b8       0x30 obj\debug\system_stm32f4xx.o

.debug_ranges   0x00000000      0x368
 .debug_ranges  0x00000000       0x30 obj\debug\misc.o
 .debug_ranges  0x00000030       0x78 obj\debug\stm32f4xx_gpio.o
 .debug_ranges  0x000000a8      0x168 obj\debug\stm32f4xx_rcc.o
 .debug_ranges  0x00000210       0xf0 obj\debug\stm32f4xx_usart.o
 .debug_ranges  0x00000300       0x48 obj\debug\main.o
 .debug_ranges  0x00000348       0x20 obj\debug\system_stm32f4xx.o

.debug_macro    0x00000000     0xedc8
 .debug_macro   0x00000000      0x1c7 obj\debug\misc.o
 .debug_macro   0x000001c7      0x820 obj\debug\misc.o
 .debug_macro   0x000009e7       0x5d obj\debug\misc.o
 .debug_macro   0x00000a44       0x35 obj\debug\misc.o
 .debug_macro   0x00000a79       0x3a obj\debug\misc.o
 .debug_macro   0x00000ab3       0x10 obj\debug\misc.o
 .debug_macro   0x00000ac3       0x2e obj\debug\misc.o
 .debug_macro   0x00000af1       0xa2 obj\debug\misc.o
 .debug_macro   0x00000b93      0x20e obj\debug\misc.o
 .debug_macro   0x00000da1       0x18 obj\debug\misc.o
 .debug_macro   0x00000db9       0x42 obj\debug\misc.o
 .debug_macro   0x00000dfb      0x8cb obj\debug\misc.o
 .debug_macro   0x000016c6     0x81c3 obj\debug\misc.o
 .debug_macro   0x00009889      0x44e obj\debug\misc.o
 .debug_macro   0x00009cd7      0x3cf obj\debug\misc.o
 .debug_macro   0x0000a0a6      0x111 obj\debug\misc.o
 .debug_macro   0x0000a1b7      0x182 obj\debug\misc.o
 .debug_macro   0x0000a339       0xb2 obj\debug\misc.o
 .debug_macro   0x0000a3eb      0x146 obj\debug\misc.o
 .debug_macro   0x0000a531      0x477 obj\debug\misc.o
 .debug_macro   0x0000a9a8       0xac obj\debug\misc.o
 .debug_macro   0x0000aa54      0x241 obj\debug\misc.o
 .debug_macro   0x0000ac95      0x279 obj\debug\misc.o
 .debug_macro   0x0000af0e       0xb5 obj\debug\misc.o
 .debug_macro   0x0000afc3      0x265 obj\debug\misc.o
 .debug_macro   0x0000b228      0x2b1 obj\debug\misc.o
 .debug_macro   0x0000b4d9       0x64 obj\debug\misc.o
 .debug_macro   0x0000b53d       0xa6 obj\debug\misc.o
 .debug_macro   0x0000b5e3      0x538 obj\debug\misc.o
 .debug_macro   0x0000bb1b       0x40 obj\debug\misc.o
 .debug_macro   0x0000bb5b      0x57a obj\debug\misc.o
 .debug_macro   0x0000c0d5      0x341 obj\debug\misc.o
 .debug_macro   0x0000c416      0x36a obj\debug\misc.o
 .debug_macro   0x0000c780       0xdf obj\debug\misc.o
 .debug_macro   0x0000c85f      0x73b obj\debug\misc.o
 .debug_macro   0x0000cf9a      0x220 obj\debug\misc.o
 .debug_macro   0x0000d1ba       0x34 obj\debug\misc.o
 .debug_macro   0x0000d1ee       0x35 obj\debug\misc.o
 .debug_macro   0x0000d223       0x79 obj\debug\misc.o
 .debug_macro   0x0000d29c      0x1c1 obj\debug\stm32f4xx_gpio.o
 .debug_macro   0x0000d45d      0x25f obj\debug\stm32f4xx_gpio.o
 .debug_macro   0x0000d6bc      0x269 obj\debug\stm32f4xx_rcc.o
 .debug_macro   0x0000d925      0x532 obj\debug\stm32f4xx_rcc.o
 .debug_macro   0x0000de57      0x1d9 obj\debug\stm32f4xx_usart.o
 .debug_macro   0x0000e030      0x21a obj\debug\stm32f4xx_usart.o
 .debug_macro   0x0000e24a      0x285 obj\debug\main.o
 .debug_macro   0x0000e4cf       0x16 obj\debug\main.o
 .debug_macro   0x0000e4e5       0x97 obj\debug\main.o
 .debug_macro   0x0000e57c       0x10 obj\debug\main.o
 .debug_macro   0x0000e58c       0x3a obj\debug\main.o
 .debug_macro   0x0000e5c6       0x52 obj\debug\main.o
 .debug_macro   0x0000e618       0x19 obj\debug\main.o
 .debug_macro   0x0000e631      0x16d obj\debug\main.o
 .debug_macro   0x0000e79e       0x10 obj\debug\main.o
 .debug_macro   0x0000e7ae       0xf5 obj\debug\main.o
 .debug_macro   0x0000e8a3       0x22 obj\debug\main.o
 .debug_macro   0x0000e8c5       0x97 obj\debug\main.o
 .debug_macro   0x0000e95c       0x16 obj\debug\main.o
 .debug_macro   0x0000e972      0x16c obj\debug\main.o
 .debug_macro   0x0000eade       0xac obj\debug\main.o
 .debug_macro   0x0000eb8a       0x10 obj\debug\main.o
 .debug_macro   0x0000eb9a       0x35 obj\debug\main.o
 .debug_macro   0x0000ebcf       0x1f obj\debug\main.o
 .debug_macro   0x0000ebee      0x1da obj\debug\system_stm32f4xx.o

.debug_line     0x00000000     0x28fc
 .debug_line    0x00000000      0x557 obj\debug\misc.o
 .debug_line    0x00000557      0x647 obj\debug\stm32f4xx_gpio.o
 .debug_line    0x00000b9e      0x8a4 obj\debug\stm32f4xx_rcc.o
 .debug_line    0x00001442      0x798 obj\debug\stm32f4xx_usart.o
 .debug_line    0x00001bda      0x6e1 obj\debug\main.o
 .debug_line    0x000022bb       0xcc obj\debug\startup_stm32f4xx.o
 .debug_line    0x00002387      0x575 obj\debug\system_stm32f4xx.o

.debug_str      0x00000000    0x5a341
 .debug_str     0x00000000    0x562ee obj\debug\misc.o
                              0x56456 (size before relaxing)
 .debug_str     0x000562ee      0x2fd obj\debug\stm32f4xx_gpio.o
                              0x564f6 (size before relaxing)
 .debug_str     0x000565eb      0xaf3 obj\debug\stm32f4xx_rcc.o
                              0x56d77 (size before relaxing)
 .debug_str     0x000570de      0x52a obj\debug\stm32f4xx_usart.o
                              0x56806 (size before relaxing)
 .debug_str     0x00057608     0x2c6d obj\debug\main.o
                              0x591d5 (size before relaxing)
 .debug_str     0x0005a275       0xcc obj\debug\system_stm32f4xx.o
                              0x56436 (size before relaxing)

.debug_frame    0x00000000      0xccc
 .debug_frame   0x00000000       0x9c obj\debug\misc.o
 .debug_frame   0x0000009c      0x19c obj\debug\stm32f4xx_gpio.o
 .debug_frame   0x00000238      0x4d8 obj\debug\stm32f4xx_rcc.o
 .debug_frame   0x00000710      0x344 obj\debug\stm32f4xx_usart.o
 .debug_frame   0x00000a54      0x100 obj\debug\main.o
 .debug_frame   0x00000b54       0x64 obj\debug\system_stm32f4xx.o
 .debug_frame   0x00000bb8       0x28 c:/program files (x86)/emblocks/2.00/share/em_armgcc/bin/../lib/gcc/arm-none-eabi/4.7.3/../../../../arm-none-eabi/lib/armv7e-m/fpu\libc_n.a(lib_a-__atexit2.o)
 .debug_frame   0x00000be0       0x28 c:/program files (x86)/emblocks/2.00/share/em_armgcc/bin/../lib/gcc/arm-none-eabi/4.7.3/../../../../arm-none-eabi/lib/armv7e-m/fpu\libc_n.a(lib_a-exit.o)
 .debug_frame   0x00000c08       0x2c c:/program files (x86)/emblocks/2.00/share/em_armgcc/bin/../lib/gcc/arm-none-eabi/4.7.3/../../../../arm-none-eabi/lib/armv7e-m/fpu\libc_n.a(lib_a-fini.o)
 .debug_frame   0x00000c34       0x2c c:/program files (x86)/emblocks/2.00/share/em_armgcc/bin/../lib/gcc/arm-none-eabi/4.7.3/../../../../arm-none-eabi/lib/armv7e-m/fpu\libc_n.a(lib_a-init.o)
 .debug_frame   0x00000c60       0x20 c:/program files (x86)/emblocks/2.00/share/em_armgcc/bin/../lib/gcc/arm-none-eabi/4.7.3/../../../../arm-none-eabi/lib/armv7e-m/fpu\libc_n.a(lib_a-memset.o)
 .debug_frame   0x00000c80       0x2c c:/program files (x86)/emblocks/2.00/share/em_armgcc/bin/../lib/gcc/arm-none-eabi/4.7.3/../../../../arm-none-eabi/lib/armv7e-m/fpu\libc_n.a(lib_a-strstr.o)
 .debug_frame   0x00000cac       0x20 c:/program files (x86)/emblocks/2.00/share/em_armgcc/bin/../lib/gcc/arm-none-eabi/4.7.3/../../../../arm-none-eabi/lib/armv7e-m/fpu\libnosys.a(_exit.o)
